Starting Backend Setup... 
Defaulting to user installation because normal site-packages is not writeable
Requirement already satisfied: Flask==3.0.0 in c:\users\94750\appdata\roaming\python\python313\site-packages (from -r requirements.txt (line 1)) (3.0.0)
Requirement already satisfied: Flask-SQLAlchemy==3.1.1 in c:\users\94750\appdata\roaming\python\python313\site-packages (from -r requirements.txt (line 2)) (3.1.1)
Requirement already satisfied: flasgger==0.9.7.1 in c:\users\94750\appdata\roaming\python\python313\site-packages (from -r requirements.txt (line 3)) (0.9.7.1)
Requirement already satisfied: pymysql==1.1.0 in c:\users\94750\appdata\roaming\python\python313\site-packages (from -r requirements.txt (line 4)) (1.1.0)
Requirement already satisfied: Werkzeug>=3.0.0 in c:\users\94750\appdata\roaming\python\python313\site-packages (from Flask==3.0.0->-r requirements.txt (line 1)) (3.1.4)
Requirement already satisfied: Jinja2>=3.1.2 in c:\users\94750\appdata\roaming\python\python313\site-packages (from Flask==3.0.0->-r requirements.txt (line 1)) (3.1.6)
Requirement already satisfied: itsdangerous>=2.1.2 in c:\users\94750\appdata\roaming\python\python313\site-packages (from Flask==3.0.0->-r requirements.txt (line 1)) (2.2.0)
Requirement already satisfied: click>=8.1.3 in c:\users\94750\appdata\roaming\python\python313\site-packages (from Flask==3.0.0->-r requirements.txt (line 1)) (8.3.1)
Requirement already satisfied: blinker>=1.6.2 in c:\users\94750\appdata\roaming\python\python313\site-packages (from Flask==3.0.0->-r requirements.txt (line 1)) (1.9.0)
Requirement already satisfied: sqlalchemy>=2.0.16 in c:\users\94750\appdata\roaming\python\python313\site-packages (from Flask-SQLAlchemy==3.1.1->-r requirements.txt (line 2)) (2.0.46)
Requirement already satisfied: PyYAML>=3.0 in c:\users\94750\appdata\roaming\python\python313\site-packages (from flasgger==0.9.7.1->-r requirements.txt (line 3)) (6.0.3)
Requirement already satisfied: jsonschema>=3.0.1 in c:\users\94750\appdata\roaming\python\python313\site-packages (from flasgger==0.9.7.1->-r requirements.txt (line 3)) (4.26.0)
Requirement already satisfied: mistune in c:\users\94750\appdata\roaming\python\python313\site-packages (from flasgger==0.9.7.1->-r requirements.txt (line 3)) (3.2.0)
Requirement already satisfied: six>=1.10.0 in c:\users\94750\appdata\roaming\python\python313\site-packages (from flasgger==0.9.7.1->-r requirements.txt (line 3)) (1.17.0)
Requirement already satisfied: packaging in c:\users\94750\appdata\roaming\python\python313\site-packages (from flasgger==0.9.7.1->-r requirements.txt (line 3)) (26.0)
Requirement already satisfied: colorama in c:\users\94750\appdata\roaming\python\python313\site-packages (from click>=8.1.3->Flask==3.0.0->-r requirements.txt (line 1)) (0.4.6)
Requirement already satisfied: MarkupSafe>=2.0 in c:\users\94750\appdata\roaming\python\python313\site-packages (from Jinja2>=3.1.2->Flask==3.0.0->-r requirements.txt (line 1)) (3.0.3)
Requirement already satisfied: attrs>=22.2.0 in c:\users\94750\appdata\roaming\python\python313\site-packages (from jsonschema>=3.0.1->flasgger==0.9.7.1->-r requirements.txt (line 3)) (25.4.0)
Requirement already satisfied: jsonschema-specifications>=2023.03.6 in c:\users\94750\appdata\roaming\python\python313\site-packages (from jsonschema>=3.0.1->flasgger==0.9.7.1->-r requirements.txt (line 3)) (2025.9.1)
Requirement already satisfied: referencing>=0.28.4 in c:\users\94750\appdata\roaming\python\python313\site-packages (from jsonschema>=3.0.1->flasgger==0.9.7.1->-r requirements.txt (line 3)) (0.37.0)
Requirement already satisfied: rpds-py>=0.25.0 in c:\users\94750\appdata\roaming\python\python313\site-packages (from jsonschema>=3.0.1->flasgger==0.9.7.1->-r requirements.txt (line 3)) (0.30.0)
Requirement already satisfied: greenlet>=1 in c:\users\94750\appdata\roaming\python\python313\site-packages (from sqlalchemy>=2.0.16->Flask-SQLAlchemy==3.1.1->-r requirements.txt (line 2)) (3.3.1)
Requirement already satisfied: typing-extensions>=4.6.0 in c:\users\94750\appdata\roaming\python\python313\site-packages (from sqlalchemy>=2.0.16->Flask-SQLAlchemy==3.1.1->-r requirements.txt (line 2)) (4.15.0)

[notice] A new release of pip is available: 24.3.1 -> 26.0.1
[notice] To update, run: python.exe -m pip install --upgrade pip
Dependencies installed. 
Error creating database: (2003, "Can't connect to MySQL server on 'localhost' ([WinError 10061] No connection could be made because the target machine actively refused it)")
Traceback (most recent call last):
  File "C:\Users\94750\AppData\Roaming\Python\Python313\site-packages\pymysql\connections.py", line 644, in connect
    sock = socket.create_connection(
        (self.host, self.port), self.connect_timeout, **kwargs
    )
  File "C:\Python313\Lib\socket.py", line 864, in create_connection
    raise exceptions[0]
  File "C:\Python313\Lib\socket.py", line 849, in create_connection
    sock.connect(sa)
    ~~~~~~~~~~~~^^^^
ConnectionRefusedError: [WinError 10061] No connection could be made because the target machine actively refused it

During handling of the above exception, another exception occurred:

Traceback (most recent call last):
  File "C:\Users\94750\Documents\GitHub\Bluvyn-\AI\DistanceModelTrainingDataGathering\BackendAPI\app.py", line 95, in <module>
    app = create_app()
  File "C:\Users\94750\Documents\GitHub\Bluvyn-\AI\DistanceModelTrainingDataGathering\BackendAPI\app.py", line 40, in create_app
    create_database_if_not_exists()
    ~~~~~~~~~~~~~~~~~~~~~~~~~~~~~^^
  File "C:\Users\94750\Documents\GitHub\Bluvyn-\AI\DistanceModelTrainingDataGathering\BackendAPI\app.py", line 19, in create_database_if_not_exists
    connection = pymysql.connect(
        host=db_host,
    ...<2 lines>...
        password=db_password
    )
  File "C:\Users\94750\AppData\Roaming\Python\Python313\site-packages\pymysql\connections.py", line 358, in __init__
    self.connect()
    ~~~~~~~~~~~~^^
  File "C:\Users\94750\AppData\Roaming\Python\Python313\site-packages\pymysql\connections.py", line 711, in connect
    raise exc
pymysql.err.OperationalError: (2003, "Can't connect to MySQL server on 'localhost' ([WinError 10061] No connection could be made because the target machine actively refused it)")
